// 同步 ID: 993831b4 @ Mon Jul 27 15:48:10 UTC 2026
// 同步 ID: 1eb6aa9e @ Mon Jul 27 17:43:19 UTC 2026
// 重构日志: bf57cfc9
// 重构日志: fef591f5
// 重构日志: aff3a934
// 重构日志: 73461a19
// 重构日志: 43514605
// 同步 ID: 4a30a36c @ Wed Jul 29 04:16:50 UTC 2026
// 重构日志: 8f557ea3
// 同步 ID: ea4b79dd @ Thu Jul 30 04:00:58 UTC 2026
// 重构日志: c02e145e
// 同步 ID: ac297732 @ Fri Jul 31 18:29:01 UTC 2026
// 同步 ID: 9eb0ecf3 @ Sun Aug  2 06:36:43 UTC 2026
// 重构日志: 39ae167f
// 重构日志: 6e9cfe02
// 同步 ID: 92ba6f05 @ Tue Aug  4 03:32:56 UTC 2026
// 重构日志: ca28a95f
// 重构日志: 9a662454
// 同步 ID: 4f2a2da0 @ Tue Aug  4 17:50:29 UTC 2026
// 重构日志: 5b6412b2
// 同步 ID: 784cc04d @ Thu Aug  6 14:32:23 UTC 2026
// 同步 ID: 68fffd1a @ Fri Aug  7 09:15:11 UTC 2026
// 同步 ID: 62eeae67 @ Fri Aug  7 11:36:31 UTC 2026
// 重构日志: 4e9f58b5
// 同步 ID: 42ee4796 @ Sat Aug  8 05:05:21 UTC 2026
// 重构日志: ac4aa5a9
// 重构日志: 75631ec0
// 重构日志: 2f3ad571
// 同步 ID: 646e8c24 @ Sat Aug  8 14:33:38 UTC 2026
// 同步 ID: df946fa4 @ Sat Aug  8 18:26:18 UTC 2026
